INFO:     Started server process [91831]
INFO:     Waiting for application startup.
2026-04-09 19:22:16,826 [INFO] gateway_edge.main: Starting Open Senate API Gateway …
2026-04-09 19:22:16,906 [INFO] gateway_edge.db.postgres: Postgres pool ready (81 ms)
2026-04-09 19:22:16,911 [INFO] gateway_edge.services.session: Valkey ready (5 ms)
2026-04-09 19:22:16,924 [INFO] aiokafka.consumer.subscription_state: Updating subscribed topics to: frozenset({'senate.chat.responses'})
2026-04-09 19:22:16,933 [ERROR] aiokafka.cluster: Topic senate.chat.responses not found in cluster metadata
2026-04-09 19:22:17,039 [ERROR] aiokafka.consumer.group_coordinator: Group Coordinator Request failed: [Error 15] GroupCoordinatorNotAvailableError
2026-04-09 19:22:17,145 [INFO] aiokafka.consumer.group_coordinator: Discovered coordinator 1 for group api-gateway
2026-04-09 19:22:17,145 [INFO] aiokafka.consumer.group_coordinator: Revoking previously assigned partitions set() for group api-gateway
2026-04-09 19:22:17,145 [INFO] aiokafka.consumer.group_coordinator: (Re-)joining group api-gateway
2026-04-09 19:22:17,147 [WARNING] aiokafka.consumer.group_coordinator: Marking the coordinator dead (node 1)for group api-gateway.
2026-04-09 19:22:17,250 [INFO] aiokafka.consumer.group_coordinator: Discovered coordinator 1 for group api-gateway
2026-04-09 19:22:17,250 [INFO] aiokafka.consumer.group_coordinator: (Re-)joining group api-gateway
2026-04-09 19:22:17,251 [WARNING] aiokafka.consumer.group_coordinator: Marking the coordinator dead (node 1)for group api-gateway.
2026-04-09 19:22:17,355 [INFO] aiokafka.consumer.group_coordinator: Discovered coordinator 1 for group api-gateway
2026-04-09 19:22:17,355 [INFO] aiokafka.consumer.group_coordinator: (Re-)joining group api-gateway
2026-04-09 19:22:17,366 [INFO] aiokafka.consumer.group_coordinator: Joined group 'api-gateway' (generation 1) with member_id aiokafka-0.13.0-82e4e4c4-6ea5-4d1b-aed4-8e141dff6787
2026-04-09 19:22:17,366 [INFO] aiokafka.consumer.group_coordinator: Elected group leader -- performing partition assignments using roundrobin
2026-04-09 19:22:17,369 [INFO] aiokafka.consumer.group_coordinator: Successfully synced group api-gateway with generation 1
2026-04-09 19:22:17,369 [INFO] aiokafka.consumer.group_coordinator: Setting newly assigned partitions {TopicPartition(topic='senate.chat.responses', partition=0)} for group api-gateway
2026-04-09 19:22:17,369 [INFO] gateway_edge.services.events: Kafka event service ready (458 ms)
2026-04-09 19:22:17,369 [INFO] gateway_edge.main: Gateway ready — auth_mode=none
INFO:     Application startup complete.
INFO:     Uvicorn running on http://0.0.0.0:8000 (Press CTRL+C to quit)
INFO:     127.0.0.1:62333 - "WebSocket /v1/ws/chat/44aa1bdd-ea17-45ef-bf1a-8a58bb030853" [accepted]
INFO:     connection open
INFO:     127.0.0.1:62334 - "GET /v1/history/44aa1bdd-ea17-45ef-bf1a-8a58bb030853 HTTP/1.1" 200 OK
INFO:     127.0.0.1:62451 - "WebSocket /v1/ws/chat/44aa1bdd-ea17-45ef-bf1a-8a58bb030853" [accepted]
INFO:     connection open
INFO:     127.0.0.1:62450 - "GET /v1/history/44aa1bdd-ea17-45ef-bf1a-8a58bb030853 HTTP/1.1" 200 OK
2026-04-09 19:26:09,349 [INFO] gateway_edge.routers.chat: WebSocket disconnected for session 44aa1bdd-ea17-45ef-bf1a-8a58bb030853
INFO:     connection closed
INFO:     127.0.0.1:63067 - "WebSocket /v1/ws/chat/974d2c3d-9b8e-460d-b851-fe8ed43e35f9" [accepted]
INFO:     connection open
INFO:     127.0.0.1:63075 - "WebSocket /v1/ws/chat/44aa1bdd-ea17-45ef-bf1a-8a58bb030853" [accepted]
INFO:     connection open
